// Jest Snapshot v1, https://goo.gl/fbAQLP

exports[`ImportExisting component should render (after onboarding) 1`] = `
<styled.div>
  <Connect(ImportProjectButton)>
    <styled.div>
      <Icon
        fill="currentColor"
        icon={
          Object {
            "attribs": Object {
              "fill": "none",
              "stroke": "currentColor",
              "stroke-linecap": "round",
              "stroke-linejoin": "round",
              "stroke-width": "2",
            },
            "children": Array [
              Object {
                "attribs": Object {
                  "d": "M22 19a2 2 0 0 1-2 2H4a2 2 0 0 1-2-2V5a2 2 0 0 1 2-2h5l2 3h9a2 2 0 0 1 2 2z",
                },
                "children": Array [],
                "name": "path",
              },
              Object {
                "attribs": Object {
                  "x1": "12",
                  "x2": "12",
                  "y1": "11",
                  "y2": "17",
                },
                "children": Array [],
                "name": "line",
              },
              Object {
                "attribs": Object {
                  "x1": "9",
                  "x2": "15",
                  "y1": "14",
                  "y2": "14",
                },
                "children": Array [],
                "name": "line",
              },
            ],
            "viewBox": "0 0 24 24",
          }
        }
        size={18}
      />
    </styled.div>
  </Connect(ImportProjectButton)>
  <styled.div>
    Already have a project you'd like to manage with Guppy?
     
    <Connect(ImportProjectButton)
      color="#FFF"
    >
      Import it instead
    </Connect(ImportProjectButton)>
    .
  </styled.div>
</styled.div>
`;
